.config.stockgpu-heap:7559:warning: override: reassigning to symbol VIRTIO_PCI
.config.stockgpu-heap:7560:warning: override: reassigning to symbol VIRTIO_BLK
.config.stockgpu-heap:7561:warning: override: reassigning to symbol VIRTIO_NET
.config.stockgpu-heap:7562:warning: override: reassigning to symbol VIRTIO_CONSOLE
.config.stockgpu-heap:7563:warning: override: reassigning to symbol HW_RANDOM_VIRTIO
.config.stockgpu-heap:7564:warning: override: reassigning to symbol VIRTIO_VSOCKETS
.config.stockgpu-heap:7565:warning: override: reassigning to symbol VIRTIO_INPUT
.config.stockgpu-heap:7566:warning: override: reassigning to symbol VIRTIO_VSOCKETS_COMMON
.config.stockgpu-heap:7567:warning: override: reassigning to symbol FAILOVER
.config.stockgpu-heap:7568:warning: override: reassigning to symbol NET_FAILOVER
.config.stockgpu-heap:7569:warning: override: reassigning to symbol CFG80211
.config.stockgpu-heap:7575:warning: override: reassigning to symbol DRM
.config.stockgpu-heap:7576:warning: override: reassigning to symbol DRM_VIRTIO_GPU
.config.stockgpu-heap:7584:warning: override: reassigning to symbol DMABUF_HEAPS_SYSTEM
.config.stockgpu-heap:7586:warning: override: reassigning to symbol INIT_ON_FREE_DEFAULT_ON
#
# configuration written to .config.stockgpu-heap
#
  SYNC    include/config/auto.conf.cmd
  DESCEND objtool
  CALL    scripts/checksyscalls.sh
  INSTALL libsubcmd_headers
  UPD     kernel/config_data
  CHK     kernel/kheaders_data.tar.xz
  GZIP    kernel/config_data.gz
  CC      kernel/configs.o
  CC      drivers/dma-buf/heaps/system_heap.o
  AR      kernel/built-in.a
  AR      drivers/dma-buf/heaps/built-in.a
  AR      drivers/dma-buf/built-in.a
  AR      drivers/built-in.a
  AR      built-in.a
  AR      vmlinux.a
  LD      vmlinux.o
vmlinux.o: warning: objtool: x64_sys_call+0x2670: __x64_sys_exit() is missing a __noreturn annotation
vmlinux.o: warning: objtool: ia32_sys_call+0x2a77: __ia32_sys_exit_group() is missing a __noreturn annotation
  OBJCOPY modules.builtin.modinfo
  GEN     modules.builtin
  GEN     .vmlinux.objs
  MODPOST Module.symvers
  GEN     vmlinux.symvers
  UPD     include/generated/utsversion.h
  CC      init/version-timestamp.o
  LD      .tmp_vmlinux.kallsyms1
  NM      .tmp_vmlinux.kallsyms1.syms
  KSYMS   .tmp_vmlinux.kallsyms1.S
  AS      .tmp_vmlinux.kallsyms1.o
  LD      .tmp_vmlinux.kallsyms2
  NM      .tmp_vmlinux.kallsyms2.syms
  KSYMS   .tmp_vmlinux.kallsyms2.S
  AS      .tmp_vmlinux.kallsyms2.o
  LD      vmlinux
  NM      System.map
  SORTTAB vmlinux
  RELOCS  arch/x86/boot/compressed/vmlinux.relocs
  RSTRIP  vmlinux
  CC      arch/x86/boot/version.o
  VOFFSET arch/x86/boot/compressed/../voffset.h
  OBJCOPY arch/x86/boot/compressed/vmlinux.bin
  CC      arch/x86/boot/compressed/kaslr.o
  CC      arch/x86/boot/compressed/misc.o
  LZ4     arch/x86/boot/compressed/vmlinux.bin.lz4
  MKPIGGY arch/x86/boot/compressed/piggy.S
  AS      arch/x86/boot/compressed/piggy.o
  LD      arch/x86/boot/compressed/vmlinux
  ZOFFSET arch/x86/boot/zoffset.h
  OBJCOPY arch/x86/boot/vmlinux.bin
  AS      arch/x86/boot/header.o
  LD      arch/x86/boot/setup.elf
  OBJCOPY arch/x86/boot/setup.bin
  BUILD   arch/x86/boot/bzImage
Kernel: arch/x86/boot/bzImage is ready  (#4)
